// Jest Snapshot v1, https://goo.gl/fbAQLP

exports[`MessageCard should match the snapshot 1`] = `
ShallowWrapper {
  "length": 1,
  Symbol(enzyme.__root__): [Circular],
  Symbol(enzyme.__unrendered__): <MessageCard
    data={
      Object {
        "another": "Day",
        "some": "Other",
      }
    }
    eventName={
      Array [
        "hello",
        "there",
      ]
    }
  />,
  Symbol(enzyme.__renderer__): Object {
    "batchedUpdates": [Function],
    "getNode": [Function],
    "render": [Function],
    "simulateEvent": [Function],
    "unmount": [Function],
  },
  Symbol(enzyme.__node__): Object {
    "instance": null,
    "key": undefined,
    "nodeType": "host",
    "props": Object {
      "children": <div
        className="message-display"
      >
        hello
        there
      </div>,
      "className": "message-container",
    },
    "ref": null,
    "rendered": Object {
      "instance": null,
      "key": undefined,
      "nodeType": "host",
      "props": Object {
        "children": Array [
          "hello",
          "there",
        ],
        "className": "message-display",
      },
      "ref": null,
      "rendered": Array [
        "hello",
        "there",
      ],
      "type": "div",
    },
    "type": "div",
  },
  Symbol(enzyme.__nodes__): Array [
    Object {
      "instance": null,
      "key": undefined,
      "nodeType": "host",
      "props": Object {
        "children": <div
          className="message-display"
        >
          hello
          there
        </div>,
        "className": "message-container",
      },
      "ref": null,
      "rendered": Object {
        "instance": null,
        "key": undefined,
        "nodeType": "host",
        "props": Object {
          "children": Array [
            "hello",
            "there",
          ],
          "className": "message-display",
        },
        "ref": null,
        "rendered": Array [
          "hello",
          "there",
        ],
        "type": "div",
      },
      "type": "div",
    },
  ],
  Symbol(enzyme.__options__): Object {
    "adapter": ReactSixteenAdapter {
      "options": Object {
        "enableComponentDidUpdateOnSetState": true,
      },
    },
  },
}
`;
