// Jest Snapshot v1, https://goo.gl/fbAQLP

exports[`RestaurantContainer tests should match the snapshot 1`] = `
ShallowWrapper {
  "length": 1,
  Symbol(enzyme.__root__): [Circular],
  Symbol(enzyme.__unrendered__): <RestaurantContainer
    currentLocation={Array []}
    restaurantNames={Array []}
    storeLocation={
      [MockFunction] {
        "calls": Array [
          Array [
            [Function],
          ],
        ],
      }
    }
    storeRestaurants={
      [MockFunction] {
        "calls": Array [
          Array [
            [Function],
          ],
        ],
      }
    }
  />,
  Symbol(enzyme.__renderer__): Object {
    "batchedUpdates": [Function],
    "getNode": [Function],
    "render": [Function],
    "simulateEvent": [Function],
    "unmount": [Function],
  },
  Symbol(enzyme.__node__): Object {
    "instance": null,
    "key": undefined,
    "nodeType": "host",
    "props": Object {
      "children": Array [
        <div
          className="lat-long"
        >
          <div
            className="location-title"
          >
            Location
          </div>
          <div
            className="location-title"
          >
            Latitude: 
            <span />
          </div>
          <div
            className="location-title"
          >
            Longitude: 
            <span />
          </div>
        </div>,
        <div />,
      ],
      "className": "card-container-container",
    },
    "ref": null,
    "rendered": Array [
      Object {
        "instance": null,
        "key": undefined,
        "nodeType": "host",
        "props": Object {
          "children": Array [
            <div
              className="location-title"
            >
              Location
            </div>,
            <div
              className="location-title"
            >
              Latitude: 
              <span />
            </div>,
            <div
              className="location-title"
            >
              Longitude: 
              <span />
            </div>,
          ],
          "className": "lat-long",
        },
        "ref": null,
        "rendered": Array [
          Object {
            "instance": null,
            "key": undefined,
            "nodeType": "host",
            "props": Object {
              "children": "Location",
              "className": "location-title",
            },
            "ref": null,
            "rendered": "Location",
            "type": "div",
          },
          Object {
            "instance": null,
            "key": undefined,
            "nodeType": "host",
            "props": Object {
              "children": Array [
                "Latitude: ",
                <span />,
              ],
              "className": "location-title",
            },
            "ref": null,
            "rendered": Array [
              "Latitude: ",
              Object {
                "instance": null,
                "key": undefined,
                "nodeType": "host",
                "props": Object {
                  "children": Array [],
                },
                "ref": null,
                "rendered": Array [],
                "type": "span",
              },
            ],
            "type": "div",
          },
          Object {
            "instance": null,
            "key": undefined,
            "nodeType": "host",
            "props": Object {
              "children": Array [
                "Longitude: ",
                <span />,
              ],
              "className": "location-title",
            },
            "ref": null,
            "rendered": Array [
              "Longitude: ",
              Object {
                "instance": null,
                "key": undefined,
                "nodeType": "host",
                "props": Object {
                  "children": Array [],
                },
                "ref": null,
                "rendered": Array [],
                "type": "span",
              },
            ],
            "type": "div",
          },
        ],
        "type": "div",
      },
      Object {
        "instance": null,
        "key": undefined,
        "nodeType": "host",
        "props": Object {
          "children": Array [],
        },
        "ref": null,
        "rendered": Array [],
        "type": "div",
      },
    ],
    "type": "div",
  },
  Symbol(enzyme.__nodes__): Array [
    Object {
      "instance": null,
      "key": undefined,
      "nodeType": "host",
      "props": Object {
        "children": Array [
          <div
            className="lat-long"
          >
            <div
              className="location-title"
            >
              Location
            </div>
            <div
              className="location-title"
            >
              Latitude: 
              <span />
            </div>
            <div
              className="location-title"
            >
              Longitude: 
              <span />
            </div>
          </div>,
          <div />,
        ],
        "className": "card-container-container",
      },
      "ref": null,
      "rendered": Array [
        Object {
          "instance": null,
          "key": undefined,
          "nodeType": "host",
          "props": Object {
            "children": Array [
              <div
                className="location-title"
              >
                Location
              </div>,
              <div
                className="location-title"
              >
                Latitude: 
                <span />
              </div>,
              <div
                className="location-title"
              >
                Longitude: 
                <span />
              </div>,
            ],
            "className": "lat-long",
          },
          "ref": null,
          "rendered": Array [
            Object {
              "instance": null,
              "key": undefined,
              "nodeType": "host",
              "props": Object {
                "children": "Location",
                "className": "location-title",
              },
              "ref": null,
              "rendered": "Location",
              "type": "div",
            },
            Object {
              "instance": null,
              "key": undefined,
              "nodeType": "host",
              "props": Object {
                "children": Array [
                  "Latitude: ",
                  <span />,
                ],
                "className": "location-title",
              },
              "ref": null,
              "rendered": Array [
                "Latitude: ",
                Object {
                  "instance": null,
                  "key": undefined,
                  "nodeType": "host",
                  "props": Object {
                    "children": Array [],
                  },
                  "ref": null,
                  "rendered": Array [],
                  "type": "span",
                },
              ],
              "type": "div",
            },
            Object {
              "instance": null,
              "key": undefined,
              "nodeType": "host",
              "props": Object {
                "children": Array [
                  "Longitude: ",
                  <span />,
                ],
                "className": "location-title",
              },
              "ref": null,
              "rendered": Array [
                "Longitude: ",
                Object {
                  "instance": null,
                  "key": undefined,
                  "nodeType": "host",
                  "props": Object {
                    "children": Array [],
                  },
                  "ref": null,
                  "rendered": Array [],
                  "type": "span",
                },
              ],
              "type": "div",
            },
          ],
          "type": "div",
        },
        Object {
          "instance": null,
          "key": undefined,
          "nodeType": "host",
          "props": Object {
            "children": Array [],
          },
          "ref": null,
          "rendered": Array [],
          "type": "div",
        },
      ],
      "type": "div",
    },
  ],
  Symbol(enzyme.__options__): Object {
    "adapter": ReactSixteenAdapter {
      "options": Object {
        "enableComponentDidUpdateOnSetState": true,
      },
    },
  },
}
`;
